Reading netlist file: "C:\Users\28389\Desktop\2026\FPGA\TangNano9K_LED\impl\gwsynthesis\TangNano9K_LED.vg"
Parsing netlist file "C:\Users\28389\Desktop\2026\FPGA\TangNano9K_LED\impl\gwsynthesis\TangNano9K_LED.vg" completed
Processing netlist completed
Reading constraint file: "C:\Users\28389\Desktop\2026\FPGA\TangNano9K_LED\src\11.cst"
Physical Constraint parsed completed
Running placement......
[10%] Placement Phase 0 completed
[20%] Placement Phase 1 completed
[30%] Placement Phase 2 completed
WARN  (TA1132) :  'clk' was determined to be a clock but was not created.
[50%] Placement Phase 3 completed
Running routing......
[60%] Routing Phase 0 completed
[70%] Routing Phase 1 completed
[80%] Routing Phase 2 completed
[90%] Routing Phase 3 completed
Running timing analysis......
[95%] Timing analysis completed
Placement and routing completed
Bitstream generation in progress......
Bitstream generation completed
Running power analysis......
[100%] Power analysis completed
Generate file "C:\Users\28389\Desktop\2026\FPGA\TangNano9K_LED\impl\pnr\TangNano9K_LED.power.html" completed
Generate file "C:\Users\28389\Desktop\2026\FPGA\TangNano9K_LED\impl\pnr\TangNano9K_LED.pin.html" completed
Generate file "C:\Users\28389\Desktop\2026\FPGA\TangNano9K_LED\impl\pnr\TangNano9K_LED.rpt.html" completed
Generate file "C:\Users\28389\Desktop\2026\FPGA\TangNano9K_LED\impl\pnr\TangNano9K_LED.rpt.txt" completed
Generate file "C:\Users\28389\Desktop\2026\FPGA\TangNano9K_LED\impl\pnr\TangNano9K_LED.tr.html" completed
Tue Aug  4 22:09:12 2026

